hostname=d1-w6420a-03
date=2026-08-12T21:28:05-04:00
SLURM_JOB_ID=6647937
SLURM_ARRAY_TASK_ID=2
SLURM_CPUS_PER_TASK=4
SLURM_MEM_PER_NODE=65536
pwd=/scratch/pierpogb/EpilepsyMortalityOptionB-sr-v2
python=/home/pierpogb/.venvs/epimort_bayes_py312_arviz120/bin/python
git_commit=11691bd882020f76e1b6eb6224e4789a6534f65c
{"config_path": "/scratch/pierpogb/EpilepsyMortalityOptionB-sr-v2/outputs/scientific_reports_v2/production_8chain/config/sr_v2_production.yaml", "grand_total": 58380, "iteration": 300000, "mode": "production", "outputs": {"acceptance_rates": "outputs/scientific_reports_v2/production_8chain/chains/chain_02/acceptance_rates.csv", "draws_latent": "outputs/scientific_reports_v2/production_8chain/chains/chain_02/draws_latent.npz", "draws_params": "outputs/scientific_reports_v2/production_8chain/chains/chain_02/draws_params.parquet", "latent_validation": "outputs/scientific_reports_v2/production_8chain/chains/chain_02/latent_validation.csv", "runtime_log": "outputs/scientific_reports_v2/production_8chain/chains/chain_02/runtime_log.csv"}, "resume_source": "outputs/scientific_reports_v2/production_8chain/chains/chain_02/checkpoints/checkpoint_iter_000000000.npz", "saved_draws": 4500, "seed": 58292, "status": "completed", "suppressed_cells_treated_as_zero": false, "target_iteration": 300000}

Number of files: 4,832 (reg: 4,812, dir: 20)
Number of created files: 20 (reg: 20)
Number of deleted files: 0
Number of regular files transferred: 44
Total file size: 443,145,921 bytes
Total transferred file size: 185,599,684 bytes
Literal data: 185,599,684 bytes
Matched data: 0 bytes
File list size: 131,069
File list generation time: 0.042 seconds
File list transfer time: 0.000 seconds
Total bytes sent: 185,742,572
Total bytes received: 945

sent 185,742,572 bytes  received 945 bytes  28,575,925.69 bytes/sec
total size is 443,145,921  speedup is 2.39

Number of files: 17 (reg: 16, dir: 1)
Number of created files: 0
Number of deleted files: 0
Number of regular files transferred: 2
Total file size: 12,807 bytes
Total transferred file size: 4,365 bytes
Literal data: 4,365 bytes
Matched data: 0 bytes
File list size: 0
File list generation time: 0.006 seconds
File list transfer time: 0.000 seconds
Total bytes sent: 4,751
Total bytes received: 54

sent 4,751 bytes  received 54 bytes  9,610.00 bytes/sec
total size is 12,807  speedup is 2.67
synced_sr_v2_results_to=/home/pierpogb/EpilepsyMortalityOptionB-sr-v2/outputs/scientific_reports_v2/production_8chain
