hostname=d4-w6420b-11
date=2026-08-12T21:28:05-04:00
SLURM_JOB_ID=6647938
SLURM_ARRAY_TASK_ID=3
SLURM_CPUS_PER_TASK=4
SLURM_MEM_PER_NODE=65536
pwd=/scratch/pierpogb/EpilepsyMortalityOptionB-sr-v2
python=/home/pierpogb/.venvs/epimort_bayes_py312_arviz120/bin/python
git_commit=11691bd882020f76e1b6eb6224e4789a6534f65c
{"config_path": "/scratch/pierpogb/EpilepsyMortalityOptionB-sr-v2/outputs/scientific_reports_v2/production_8chain/config/sr_v2_production.yaml", "grand_total": 58380, "iteration": 300000, "mode": "production", "outputs": {"acceptance_rates": "outputs/scientific_reports_v2/production_8chain/chains/chain_03/acceptance_rates.csv", "draws_latent": "outputs/scientific_reports_v2/production_8chain/chains/chain_03/draws_latent.npz", "draws_params": "outputs/scientific_reports_v2/production_8chain/chains/chain_03/draws_params.parquet", "latent_validation": "outputs/scientific_reports_v2/production_8chain/chains/chain_03/latent_validation.csv", "runtime_log": "outputs/scientific_reports_v2/production_8chain/chains/chain_03/runtime_log.csv"}, "resume_source": "outputs/scientific_reports_v2/production_8chain/chains/chain_03/checkpoints/checkpoint_iter_000000000.npz", "saved_draws": 4500, "seed": 58293, "status": "completed", "suppressed_cells_treated_as_zero": false, "target_iteration": 300000}

Number of files: 4,896 (reg: 4,876, dir: 20)
Number of created files: 56 (reg: 56)
Number of deleted files: 0
Number of regular files transferred: 62
Total file size: 451,030,551 bytes
Total transferred file size: 48,851,419 bytes
Literal data: 48,851,419 bytes
Matched data: 0 bytes
File list size: 65,529
File list generation time: 0.095 seconds
File list transfer time: 0.000 seconds
Total bytes sent: 48,962,869
Total bytes received: 1,239

sent 48,962,869 bytes  received 1,239 bytes  10,880,912.89 bytes/sec
total size is 451,030,551  speedup is 9.21

Number of files: 17 (reg: 16, dir: 1)
Number of created files: 0
Number of deleted files: 0
Number of regular files transferred: 2
Total file size: 19,305 bytes
Total transferred file size: 4,354 bytes
Literal data: 4,354 bytes
Matched data: 0 bytes
File list size: 0
File list generation time: 0.006 seconds
File list transfer time: 0.000 seconds
Total bytes sent: 4,746
Total bytes received: 54

sent 4,746 bytes  received 54 bytes  9,600.00 bytes/sec
total size is 19,305  speedup is 4.02
synced_sr_v2_results_to=/home/pierpogb/EpilepsyMortalityOptionB-sr-v2/outputs/scientific_reports_v2/production_8chain
