hostname=d6-w6420b-03
date=2026-08-12T21:28:05-04:00
SLURM_JOB_ID=6647942
SLURM_ARRAY_TASK_ID=7
SLURM_CPUS_PER_TASK=4
SLURM_MEM_PER_NODE=65536
pwd=/scratch/pierpogb/EpilepsyMortalityOptionB-sr-v2
python=/home/pierpogb/.venvs/epimort_bayes_py312_arviz120/bin/python
git_commit=11691bd882020f76e1b6eb6224e4789a6534f65c
{"config_path": "/scratch/pierpogb/EpilepsyMortalityOptionB-sr-v2/outputs/scientific_reports_v2/production_8chain/config/sr_v2_production.yaml", "grand_total": 58380, "iteration": 300000, "mode": "production", "outputs": {"acceptance_rates": "outputs/scientific_reports_v2/production_8chain/chains/chain_07/acceptance_rates.csv", "draws_latent": "outputs/scientific_reports_v2/production_8chain/chains/chain_07/draws_latent.npz", "draws_params": "outputs/scientific_reports_v2/production_8chain/chains/chain_07/draws_params.parquet", "latent_validation": "outputs/scientific_reports_v2/production_8chain/chains/chain_07/latent_validation.csv", "runtime_log": "outputs/scientific_reports_v2/production_8chain/chains/chain_07/runtime_log.csv"}, "resume_source": "outputs/scientific_reports_v2/production_8chain/chains/chain_07/checkpoints/checkpoint_iter_000000000.npz", "saved_draws": 4500, "seed": 58297, "status": "completed", "suppressed_cells_treated_as_zero": false, "target_iteration": 300000}

Number of files: 4,776 (reg: 4,756, dir: 20)
Number of created files: 25 (reg: 25)
Number of deleted files: 0
Number of regular files transferred: 67
Total file size: 436,656,923 bytes
Total transferred file size: 324,216,753 bytes
Literal data: 324,216,753 bytes
Matched data: 0 bytes
File list size: 65,531
File list generation time: 0.004 seconds
File list transfer time: 0.000 seconds
Total bytes sent: 324,393,328
Total bytes received: 1,426

sent 324,393,328 bytes  received 1,426 bytes  28,208,239.48 bytes/sec
total size is 436,656,923  speedup is 1.35

Number of files: 17 (reg: 16, dir: 1)
Number of created files: 0
Number of deleted files: 0
Number of regular files transferred: 2
Total file size: 6,302 bytes
Total transferred file size: 4,400 bytes
Literal data: 4,400 bytes
Matched data: 0 bytes
File list size: 0
File list generation time: 0.006 seconds
File list transfer time: 0.000 seconds
Total bytes sent: 4,774
Total bytes received: 54

sent 4,774 bytes  received 54 bytes  9,656.00 bytes/sec
total size is 6,302  speedup is 1.31
synced_sr_v2_results_to=/home/pierpogb/EpilepsyMortalityOptionB-sr-v2/outputs/scientific_reports_v2/production_8chain
