hostname=d6-w6420b-01
date=2026-08-12T21:28:06-04:00
SLURM_JOB_ID=6647941
SLURM_ARRAY_TASK_ID=6
SLURM_CPUS_PER_TASK=4
SLURM_MEM_PER_NODE=65536
pwd=/scratch/pierpogb/EpilepsyMortalityOptionB-sr-v2
python=/home/pierpogb/.venvs/epimort_bayes_py312_arviz120/bin/python
git_commit=11691bd882020f76e1b6eb6224e4789a6534f65c
{"config_path": "/scratch/pierpogb/EpilepsyMortalityOptionB-sr-v2/outputs/scientific_reports_v2/production_8chain/config/sr_v2_production.yaml", "grand_total": 58380, "iteration": 300000, "mode": "production", "outputs": {"acceptance_rates": "outputs/scientific_reports_v2/production_8chain/chains/chain_06/acceptance_rates.csv", "draws_latent": "outputs/scientific_reports_v2/production_8chain/chains/chain_06/draws_latent.npz", "draws_params": "outputs/scientific_reports_v2/production_8chain/chains/chain_06/draws_params.parquet", "latent_validation": "outputs/scientific_reports_v2/production_8chain/chains/chain_06/latent_validation.csv", "runtime_log": "outputs/scientific_reports_v2/production_8chain/chains/chain_06/runtime_log.csv"}, "resume_source": "outputs/scientific_reports_v2/production_8chain/chains/chain_06/checkpoints/checkpoint_iter_000000000.npz", "saved_draws": 4500, "seed": 58296, "status": "completed", "suppressed_cells_treated_as_zero": false, "target_iteration": 300000}

Number of files: 4,751 (reg: 4,731, dir: 20)
Number of created files: 4,745 (reg: 4,727, dir: 18)
Number of deleted files: 0
Number of regular files transferred: 4,730
Total file size: 433,661,734 bytes
Total transferred file size: 433,653,565 bytes
Literal data: 433,659,690 bytes
Matched data: 0 bytes
File list size: 131,069
File list generation time: 0.055 seconds
File list transfer time: 0.000 seconds
Total bytes sent: 434,052,056
Total bytes received: 90,054

sent 434,052,056 bytes  received 90,054 bytes  7,059,221.30 bytes/sec
total size is 433,661,734  speedup is 1.00

Number of files: 17 (reg: 16, dir: 1)
Number of created files: 16 (reg: 16)
Number of deleted files: 0
Number of regular files transferred: 16
Total file size: 4,117 bytes
Total transferred file size: 4,117 bytes
Literal data: 4,117 bytes
Matched data: 0 bytes
File list size: 0
File list generation time: 0.005 seconds
File list transfer time: 0.000 seconds
Total bytes sent: 5,064
Total bytes received: 323

sent 5,064 bytes  received 323 bytes  10,774.00 bytes/sec
total size is 4,117  speedup is 0.76
synced_sr_v2_results_to=/home/pierpogb/EpilepsyMortalityOptionB-sr-v2/outputs/scientific_reports_v2/production_8chain
