hostname=d6-w6420b-01
date=2026-08-12T21:28:06-04:00
SLURM_JOB_ID=6647940
SLURM_ARRAY_TASK_ID=5
SLURM_CPUS_PER_TASK=4
SLURM_MEM_PER_NODE=65536
pwd=/scratch/pierpogb/EpilepsyMortalityOptionB-sr-v2
python=/home/pierpogb/.venvs/epimort_bayes_py312_arviz120/bin/python
git_commit=11691bd882020f76e1b6eb6224e4789a6534f65c
{"config_path": "/scratch/pierpogb/EpilepsyMortalityOptionB-sr-v2/outputs/scientific_reports_v2/production_8chain/config/sr_v2_production.yaml", "grand_total": 58380, "iteration": 300000, "mode": "production", "outputs": {"acceptance_rates": "outputs/scientific_reports_v2/production_8chain/chains/chain_05/acceptance_rates.csv", "draws_latent": "outputs/scientific_reports_v2/production_8chain/chains/chain_05/draws_latent.npz", "draws_params": "outputs/scientific_reports_v2/production_8chain/chains/chain_05/draws_params.parquet", "latent_validation": "outputs/scientific_reports_v2/production_8chain/chains/chain_05/latent_validation.csv", "runtime_log": "outputs/scientific_reports_v2/production_8chain/chains/chain_05/runtime_log.csv"}, "resume_source": "outputs/scientific_reports_v2/production_8chain/chains/chain_05/checkpoints/checkpoint_iter_000000000.npz", "saved_draws": 4500, "seed": 58295, "status": "completed", "suppressed_cells_treated_as_zero": false, "target_iteration": 300000}

Number of files: 4,840 (reg: 4,820, dir: 20)
Number of created files: 6 (reg: 6)
Number of deleted files: 0
Number of regular files transferred: 18
Total file size: 444,325,650 bytes
Total transferred file size: 90,308,685 bytes
Literal data: 90,308,685 bytes
Matched data: 0 bytes
File list size: 131,063
File list generation time: 0.005 seconds
File list transfer time: 0.000 seconds
Total bytes sent: 90,427,383
Total bytes received: 421

sent 90,427,383 bytes  received 421 bytes  25,836,515.43 bytes/sec
total size is 444,325,650  speedup is 4.91

Number of files: 17 (reg: 16, dir: 1)
Number of created files: 0
Number of deleted files: 0
Number of regular files transferred: 2
Total file size: 17,137 bytes
Total transferred file size: 4,353 bytes
Literal data: 4,353 bytes
Matched data: 0 bytes
File list size: 0
File list generation time: 0.005 seconds
File list transfer time: 0.000 seconds
Total bytes sent: 4,742
Total bytes received: 54

sent 4,742 bytes  received 54 bytes  3,197.33 bytes/sec
total size is 17,137  speedup is 3.57
synced_sr_v2_results_to=/home/pierpogb/EpilepsyMortalityOptionB-sr-v2/outputs/scientific_reports_v2/production_8chain
