hostname=d1-w6420a-01
date=2026-08-12T21:28:05-04:00
SLURM_JOB_ID=6647936
SLURM_ARRAY_TASK_ID=1
SLURM_CPUS_PER_TASK=4
SLURM_MEM_PER_NODE=65536
pwd=/scratch/pierpogb/EpilepsyMortalityOptionB-sr-v2
python=/home/pierpogb/.venvs/epimort_bayes_py312_arviz120/bin/python
git_commit=11691bd882020f76e1b6eb6224e4789a6534f65c
{"config_path": "/scratch/pierpogb/EpilepsyMortalityOptionB-sr-v2/outputs/scientific_reports_v2/production_8chain/config/sr_v2_production.yaml", "grand_total": 58380, "iteration": 300000, "mode": "production", "outputs": {"acceptance_rates": "outputs/scientific_reports_v2/production_8chain/chains/chain_01/acceptance_rates.csv", "draws_latent": "outputs/scientific_reports_v2/production_8chain/chains/chain_01/draws_latent.npz", "draws_params": "outputs/scientific_reports_v2/production_8chain/chains/chain_01/draws_params.parquet", "latent_validation": "outputs/scientific_reports_v2/production_8chain/chains/chain_01/latent_validation.csv", "runtime_log": "outputs/scientific_reports_v2/production_8chain/chains/chain_01/runtime_log.csv"}, "resume_source": "outputs/scientific_reports_v2/production_8chain/chains/chain_01/checkpoints/checkpoint_iter_000000000.npz", "saved_draws": 4500, "seed": 58291, "status": "completed", "suppressed_cells_treated_as_zero": false, "target_iteration": 300000}

Number of files: 4,812 (reg: 4,792, dir: 20)
Number of created files: 29 (reg: 29)
Number of deleted files: 0
Number of regular files transferred: 59
Total file size: 440,970,852 bytes
Total transferred file size: 231,912,681 bytes
Literal data: 231,912,681 bytes
Matched data: 0 bytes
File list size: 131,064
File list generation time: 0.080 seconds
File list transfer time: 0.000 seconds
Total bytes sent: 232,067,102
Total bytes received: 1,244

sent 232,067,102 bytes  received 1,244 bytes  27,302,158.35 bytes/sec
total size is 440,970,852  speedup is 1.90

Number of files: 17 (reg: 16, dir: 1)
Number of created files: 0
Number of deleted files: 0
Number of regular files transferred: 2
Total file size: 10,638 bytes
Total transferred file size: 4,361 bytes
Literal data: 4,361 bytes
Matched data: 0 bytes
File list size: 0
File list generation time: 0.006 seconds
File list transfer time: 0.000 seconds
Total bytes sent: 4,741
Total bytes received: 54

sent 4,741 bytes  received 54 bytes  9,590.00 bytes/sec
total size is 10,638  speedup is 2.22
synced_sr_v2_results_to=/home/pierpogb/EpilepsyMortalityOptionB-sr-v2/outputs/scientific_reports_v2/production_8chain
